Command line invocation:
    /Applications/Xcode.app/Contents/Developer/usr/bin/xcodebuild test -project FormaClube.xcodeproj -scheme FormaClube -destination id=1AFE207B-69A8-43CB-BAA3-2F60B15B1442 -only-testing FormaClubeUITests/SmokeUITests -resultBundlePath /Users/leo/iosDev/series-2026-q3/2026-09-21-FormaClube/DerivedData/smoke.xcresult -derivedDataPath /Users/leo/iosDev/series-2026-q3/2026-09-21-FormaClube/DerivedData CODE_SIGNING_ALLOWED=NO

Build settings from command line:
    CODE_SIGNING_ALLOWED = NO

Writing result bundle at path:
	/Users/leo/iosDev/series-2026-q3/2026-09-21-FormaClube/DerivedData/smoke.xcresult

ComputePackagePrebuildTargetDependencyGraph

Prepare packages

CreateBuildRequest

SendProjectDescription

CreateBuildOperation

ComputeTargetDependencyGraph
note: Building targets in dependency order
note: Target dependency graph (2 targets)
    Target 'FormaClubeUITests' in project 'FormaClube'
        ➜ Explicit dependency on target 'FormaClube' in project 'FormaClube'
    Target 'FormaClube' in project 'FormaClube' (no dependencies)

GatherProvisioningInputs

CreateBuildDescription

ClangStatCache /Applications/Xcode.app/Contents/Developer/Toolchains/XcodeDefault.xctoolchain/usr/bin/clang-stat-cache /Applications/Xcode.app/Contents/Developer/Platforms/iPhoneSimulator.platform/Developer/SDKs/iPhoneSimulator26.4.sdk /Users/leo/iosDev/series-2026-q3/2026-09-21-FormaClube/DerivedData/SDKStatCaches.noindex/iphonesimulator26.4-23E237-686eebb5dc1d8ecb277353a59184f4aa.sdkstatcache
    cd /Users/leo/iosDev/series-2026-q3/2026-09-21-FormaClube/FormaClube.xcodeproj
    /Applications/Xcode.app/Contents/Developer/Toolchains/XcodeDefault.xctoolchain/usr/bin/clang-stat-cache /Applications/Xcode.app/Contents/Developer/Platforms/iPhoneSimulator.platform/Developer/SDKs/iPhoneSimulator26.4.sdk -o /Users/leo/iosDev/series-2026-q3/2026-09-21-FormaClube/DerivedData/SDKStatCaches.noindex/iphonesimulator26.4-23E237-686eebb5dc1d8ecb277353a59184f4aa.sdkstatcache

2026-09-22 00:58:00.197679+0300 FormaClubeUITests-Runner[81617:8292051] [Default] Running tests...
    t =      nans Interface orientation changed to Portrait
Test Suite 'Selected tests' started at 2026-09-22 00:58:01.109.
Test Suite 'FormaClubeUITests.xctest' started at 2026-09-22 00:58:01.116.
Test Suite 'SmokeUITests' started at 2026-09-22 00:58:01.116.
Test Case '-[FormaClubeUITests.SmokeUITests testReviewerWalkthrough]' started.
    t =     0.00s Start Test at 2026-09-22 00:58:01.117
    t =     0.03s Set Up
    t =     0.04s     Open com.formaclube.FormaClube
    t =     0.04s         Launch com.formaclube.FormaClube
    t =     1.18s             Setting up automation session
objc[81617]: Class UIAccessibilityLoaderWebShared is implemented in both /Library/Developer/CoreSimulator/Volumes/iOS_23E244/Library/Developer/CoreSimulator/Profiles/Runtimes/iOS 26.4.simruntime/Contents/Resources/RuntimeRoot/System/Library/AccessibilityBundles/WebCore.axbundle/WebCore (0x108c54310) and /Library/Developer/CoreSimulator/Volumes/iOS_23E244/Library/Developer/CoreSimulator/Profiles/Runtimes/iOS 26.4.simruntime/Contents/Resources/RuntimeRoot/System/Library/AccessibilityBundles/WebKit.axbundle/WebKit (0x108a78398). This may cause spurious casting failures and mysterious crashes. One of the duplicates must be removed or renamed.
    t =     3.44s             Wait for com.formaclube.FormaClube to idle
    t =     5.98s Wait for com.formaclube.FormaClube to become Running Foreground
    t =     5.98s Waiting 10.0s for StaticText (First Match) to exist
    t =     7.02s     Checking `Expect predicate `existsNoRetry == 1` for object StaticText (First Match)`
    t =     7.02s         Checking existence of `StaticText (First Match)`
    t =     8.42s Added attachment named '01-launch'
    t =     8.43s Checking existence of `TabBar (First Match)`
    t =     8.45s Checking existence of `"Next" Button`
    t =     8.49s Find the "Next" Button
    t =     8.51s Tap "Next" Button
    t =     8.51s     Wait for com.formaclube.FormaClube to idle
    t =     8.52s     Find the "Next" Button
    t =     8.53s     Check for interrupting elements affecting "Next" Button
    t =     8.54s     Synthesize event
    t =     8.83s     Wait for com.formaclube.FormaClube to idle
    t =     9.84s Checking existence of `TabBar (First Match)`
    t =     9.87s Checking existence of `"Next" Button`
    t =     9.89s Find the "Next" Button
    t =    10.07s Added attachment named '02-onboarding'
    t =    10.07s Tap "Next" Button
    t =    10.07s     Wait for com.formaclube.FormaClube to idle
    t =    10.07s     Find the "Next" Button
    t =    10.09s     Check for interrupting elements affecting "Next" Button
    t =    10.11s     Synthesize event
    t =    10.40s     Wait for com.formaclube.FormaClube to idle
    t =    11.41s Checking existence of `TabBar (First Match)`
    t =    11.44s Checking existence of `"Next" Button`
    t =    11.45s Checking existence of `"Continue" Button`
    t =    11.46s Checking existence of `"Get started" Button`
    t =    11.47s Find the "Get started" Button
    t =    11.58s Added attachment named '03-onboarding'
    t =    11.58s Tap "Get started" Button
    t =    11.58s     Wait for com.formaclube.FormaClube to idle
    t =    11.59s     Find the "Get started" Button
    t =    11.60s     Check for interrupting elements affecting "Get started" Button
    t =    11.61s     Synthesize event
    t =    11.89s     Wait for com.formaclube.FormaClube to idle
    t =    13.20s Checking existence of `TabBar (First Match)`
    t =    13.22s Waiting 5.0s for TabBar (First Match) to exist
    t =    14.32s     Checking `Expect predicate `existsNoRetry == 1` for object TabBar (First Match)`
    t =    14.32s         Checking existence of `TabBar (First Match)`
    t =    14.34s Waiting 10.0s for TabBar (First Match) to exist
    t =    15.37s     Checking `Expect predicate `existsNoRetry == 1` for object TabBar (First Match)`
    t =    15.37s         Checking existence of `TabBar (First Match)`
    t =    15.38s Get number of matches for: Descendants matching type Button
    t =    15.40s Get number of matches for: Descendants matching type Button
    t =    15.41s Checking existence of `Button (Element at index 0)`
    t =    15.43s Find the Button (Element at index 0)
    t =    15.44s Tap "ruler" Button
    t =    15.44s     Wait for com.formaclube.FormaClube to idle
    t =    15.44s     Find the "ruler" Button
    t =    15.45s     Check for interrupting elements affecting "ruler" Button
    t =    15.54s     Synthesize event
    t =    15.82s     Wait for com.formaclube.FormaClube to idle
    t =    16.57s Waiting 5.0s for "ruler" Button to exist
    t =    17.61s     Checking `Expect predicate `existsNoRetry == 1` for object "ruler" Button`
    t =    17.62s         Checking existence of `"ruler" Button`
    t =    18.25s Get number of matches for: Descendants matching type StaticText
    t =    18.32s Get number of matches for: Descendants matching type Cell
    t =    18.35s Get number of matches for: Descendants matching type Image
    t =    18.53s Added attachment named '04-bench'
    t =    18.53s Checking existence of `Button (Element at index 1)`
    t =    18.54s Find the Button (Element at index 1)
    t =    18.56s Tap "square.stack.3d.up" Button
    t =    18.56s     Wait for com.formaclube.FormaClube to idle
    t =    18.56s     Find the "square.stack.3d.up" Button
    t =    18.58s     Check for interrupting elements affecting "square.stack.3d.up" Button
    t =    18.60s     Synthesize event
    t =    18.89s     Wait for com.formaclube.FormaClube to idle
    t =    20.41s Waiting 5.0s for "square.stack.3d.up" Button to exist
    t =    21.45s     Checking `Expect predicate `existsNoRetry == 1` for object "square.stack.3d.up" Button`
    t =    21.45s         Checking existence of `"square.stack.3d.up" Button`
    t =    22.08s Get number of matches for: Descendants matching type StaticText
    t =    22.15s Get number of matches for: Descendants matching type Cell
    t =    22.18s Get number of matches for: Descendants matching type Image
    t =    22.33s Added attachment named '05-pieces'
    t =    22.33s Checking existence of `Button (Element at index 2)`
    t =    22.34s Find the Button (Element at index 2)
    t =    22.36s Tap "square.split.bottomrightquarter" Button
    t =    22.36s     Wait for com.formaclube.FormaClube to idle
    t =    22.36s     Find the "square.split.bottomrightquarter" Button
    t =    22.37s     Check for interrupting elements affecting "square.split.bottomrightquarter" Button
    t =    22.40s     Synthesize event
    t =    22.69s     Wait for com.formaclube.FormaClube to idle
    t =    24.16s Waiting 5.0s for "square.split.bottomrightquarter" Button to exist
    t =    25.19s     Checking `Expect predicate `existsNoRetry == 1` for object "square.split.bottomrightquarter" Button`
    t =    25.19s         Checking existence of `"square.split.bottomrightquarter" Button`
    t =    25.81s Get number of matches for: Descendants matching type StaticText
    t =    25.85s Get number of matches for: Descendants matching type Cell
    t =    25.87s Get number of matches for: Descendants matching type Image
    t =    25.99s Added attachment named '06-shelves'
    t =    26.00s Checking existence of `Button (Element at index 3)`
    t =    26.01s Find the Button (Element at index 3)
    t =    26.02s Tap "gearshape" Button
    t =    26.02s     Wait for com.formaclube.FormaClube to idle
    t =    26.02s     Find the "gearshape" Button
    t =    26.03s     Check for interrupting elements affecting "gearshape" Button
    t =    26.05s     Synthesize event
    t =    26.34s     Wait for com.formaclube.FormaClube to idle
    t =    27.81s Waiting 5.0s for "gearshape" Button to exist
    t =    28.85s     Checking `Expect predicate `existsNoRetry == 1` for object "gearshape" Button`
    t =    28.85s         Checking existence of `"gearshape" Button`
    t =    29.48s Get number of matches for: Descendants matching type StaticText
    t =    29.53s Get number of matches for: Descendants matching type Cell
    t =    29.55s Get number of matches for: Descendants matching type Image
    t =    29.69s Added attachment named '07-settings'
    t =    29.69s Get number of matches for: Descendants matching type Button
    t =    29.70s Checking existence of `Button (Element at index 0)`
    t =    29.71s Find the Button (Element at index 0)
    t =    29.72s Tap "ruler" Button
    t =    29.72s     Wait for com.formaclube.FormaClube to idle
    t =    29.72s     Find the "ruler" Button
    t =    29.74s     Check for interrupting elements affecting "ruler" Button
    t =    29.76s     Synthesize event
    t =    30.05s     Wait for com.formaclube.FormaClube to idle
    t =    31.51s Waiting 5.0s for "ruler" Button to exist
    t =    32.55s     Checking `Expect predicate `existsNoRetry == 1` for object "ruler" Button`
    t =    32.55s         Checking existence of `"ruler" Button`
    t =    33.19s Get number of matches for: Descendants matching type StaticText
    t =    33.25s Get number of matches for: Descendants matching type Cell
    t =    33.27s Get number of matches for: Descendants matching type Image
    t =    33.30s Checking existence of `Button (Element at index 1)`
    t =    33.31s Find the Button (Element at index 1)
    t =    33.32s Tap "square.stack.3d.up" Button
    t =    33.32s     Wait for com.formaclube.FormaClube to idle
    t =    33.32s     Find the "square.stack.3d.up" Button
    t =    33.34s     Check for interrupting elements affecting "square.stack.3d.up" Button
    t =    33.36s     Synthesize event
    t =    33.65s     Wait for com.formaclube.FormaClube to idle
    t =    35.09s Waiting 5.0s for "square.stack.3d.up" Button to exist
    t =    36.13s     Checking `Expect predicate `existsNoRetry == 1` for object "square.stack.3d.up" Button`
    t =    36.13s         Checking existence of `"square.stack.3d.up" Button`
    t =    36.76s Get number of matches for: Descendants matching type StaticText
    t =    36.82s Get number of matches for: Descendants matching type Cell
    t =    36.85s Get number of matches for: Descendants matching type Image
    t =    36.87s Checking existence of `Button (Element at index 2)`
    t =    36.88s Find the Button (Element at index 2)
    t =    36.90s Tap "square.split.bottomrightquarter" Button
    t =    36.90s     Wait for com.formaclube.FormaClube to idle
    t =    36.90s     Find the "square.split.bottomrightquarter" Button
    t =    36.91s     Check for interrupting elements affecting "square.split.bottomrightquarter" Button
    t =    36.94s     Synthesize event
    t =    37.23s     Wait for com.formaclube.FormaClube to idle
    t =    38.56s Waiting 5.0s for "square.split.bottomrightquarter" Button to exist
    t =    39.58s     Checking `Expect predicate `existsNoRetry == 1` for object "square.split.bottomrightquarter" Button`
    t =    39.58s         Checking existence of `"square.split.bottomrightquarter" Button`
    t =    40.21s Get number of matches for: Descendants matching type StaticText
    t =    40.24s Get number of matches for: Descendants matching type Cell
    t =    40.26s Get number of matches for: Descendants matching type Image
    t =    40.27s Checking existence of `Button (Element at index 3)`
    t =    40.28s Find the Button (Element at index 3)
    t =    40.29s Tap "gearshape" Button
    t =    40.29s     Wait for com.formaclube.FormaClube to idle
    t =    40.29s     Find the "gearshape" Button
    t =    40.30s     Check for interrupting elements affecting "gearshape" Button
    t =    40.32s     Synthesize event
    t =    40.61s     Wait for com.formaclube.FormaClube to idle
    t =    42.02s Waiting 5.0s for "gearshape" Button to exist
    t =    43.06s     Checking `Expect predicate `existsNoRetry == 1` for object "gearshape" Button`
    t =    43.06s         Checking existence of `"gearshape" Button`
    t =    43.68s Get number of matches for: Descendants matching type StaticText
    t =    43.71s Get number of matches for: Descendants matching type Cell
    t =    43.73s Get number of matches for: Descendants matching type Image
    t =    43.75s Checking existence of `Button (First Match)`
    t =    43.76s Tap Button (First Match)
    t =    43.76s     Wait for com.formaclube.FormaClube to idle
    t =    44.47s     Find the Button (First Match)
    t =    44.49s     Check for interrupting elements affecting "gearshape" Button
    t =    44.52s     Synthesize event
    t =    44.81s     Wait for com.formaclube.FormaClube to idle
    t =    45.56s Checking existence of `Button (First Match)`
    t =    45.76s Checking existence of `Button (First Match)`
    t =    45.80s Checking existence of `Button (First Match)`
    t =    45.81s Tap Button (First Match)
    t =    45.81s     Wait for com.formaclube.FormaClube to idle
    t =    45.81s     Find the Button (First Match)
    t =    45.83s     Check for interrupting elements affecting "gearshape" Button
    t =    45.83s         Wait for com.apple.springboard to idle
    t =    46.20s     Open com.formaclube.FormaClube
    t =    46.20s         Activate com.formaclube.FormaClube
    t =    46.23s             Wait for com.formaclube.FormaClube to idle
    t =    46.26s     Synthesize event
    t =    46.27s         Scroll element to visible
    t =    46.27s         Find the "gearshape" Button
    t =    46.31s         Computed hit point {-1, -1} after scrolling to visible
    t =    46.60s     Wait for com.formaclube.FormaClube to idle
    t =    46.60s Waiting 5.0s for Button (First Match) to exist
    t =    47.63s     Checking `Expect predicate `existsNoRetry == 1` for object Button (First Match)`
    t =    47.64s         Checking existence of `Button (First Match)`
    t =    47.68s Tap Button (First Match)
    t =    47.68s     Wait for com.formaclube.FormaClube to idle
    t =    47.69s     Find the Button (First Match)
    t =    47.72s     Check for interrupting elements affecting "Delete All Data" Button
    t =    47.74s     Synthesize event
    t =    48.03s     Wait for com.formaclube.FormaClube to idle
    t =    48.92s Waiting 3.0s for Sheet (First Match) to exist
    t =    49.95s     Checking `Expect predicate `existsNoRetry == 1` for object Sheet (First Match)`
    t =    49.95s         Checking existence of `Sheet (First Match)`
    t =    49.98s         Capturing element debug description
    t =    51.02s     Checking `Expect predicate `existsNoRetry == 1` for object Sheet (First Match)`
    t =    51.02s         Checking existence of `Sheet (First Match)`
    t =    51.04s         Capturing element debug description
    t =    51.92s     Checking `Expect predicate `existsNoRetry == 1` for object Sheet (First Match)`
    t =    51.93s         Checking existence of `Sheet (First Match)`
    t =    51.95s         Capturing element debug description
    t =    51.95s     Checking existence of `Sheet (First Match)`
    t =    51.95s Collecting debug information to assist test failure triage
    t =    51.96s     Requesting snapshot of accessibility hierarchy for app with pid 81626
    t =    51.97s Waiting 1.0s for Alert (First Match) to exist
    t =    52.97s     Checking `Expect predicate `existsNoRetry == 1` for object Alert (First Match)`
    t =    52.97s         Checking existence of `Alert (First Match)`
    t =    52.99s         Capturing element debug description
    t =    52.99s     Checking existence of `Alert (First Match)`
    t =    53.00s Collecting debug information to assist test failure triage
    t =    53.00s     Requesting snapshot of accessibility hierarchy for app with pid 81626
    t =    54.05s Checking `Expect predicate `exists == 0` for object TabBar (First Match)`
    t =    54.05s     Checking existence of `TabBar (First Match)`
    t =    54.08s Tear Down
Test Case '-[FormaClubeUITests.SmokeUITests testReviewerWalkthrough]' passed (54.538 seconds).
Test Suite 'SmokeUITests' passed at 2026-09-22 00:58:55.656.
	 Executed 1 test, with 0 failures (0 unexpected) in 54.538 (54.540) seconds
Test Suite 'FormaClubeUITests.xctest' passed at 2026-09-22 00:58:55.657.
	 Executed 1 test, with 0 failures (0 unexpected) in 54.538 (54.541) seconds
Test Suite 'Selected tests' passed at 2026-09-22 00:58:55.657.
	 Executed 1 test, with 0 failures (0 unexpected) in 54.538 (54.549) seconds

Test session results, code coverage, and logs:
	/Users/leo/iosDev/series-2026-q3/2026-09-21-FormaClube/DerivedData/smoke.xcresult

** TEST SUCCEEDED **

Testing started
2026-09-22 00:58:01.259 xcodebuild[81584:8291738] [MT] IDELaunchParametersSnapshot: The operation couldn’t be completed. (DebuggerLLDB.DebuggerVersionStore.StoreError error 0.)
2026-09-22 00:58:01.260 xcodebuild[81584:8291738] [MT] IDELaunchParametersSnapshot: no debugger version
2026-09-22 00:58:56.022 xcodebuild[81584:8291738] [MT] IDETestOperationsObserverDebug: 57.252 elapsed -- Testing started completed.
2026-09-22 00:58:56.022 xcodebuild[81584:8291738] [MT] IDETestOperationsObserverDebug: 0.000 sec, +0.000 sec -- start
2026-09-22 00:58:56.022 xcodebuild[81584:8291738] [MT] IDETestOperationsObserverDebug: 57.252 sec, +57.252 sec -- end

--- critical path ---
Command line invocation:
    /Applications/Xcode.app/Contents/Developer/usr/bin/xcodebuild test -project FormaClube.xcodeproj -scheme FormaClube -destination id=1AFE207B-69A8-43CB-BAA3-2F60B15B1442 -only-testing FormaClubeUITests/CriticalPathSmokeTests -resultBundlePath /Users/leo/iosDev/series-2026-q3/2026-09-21-FormaClube/DerivedData/critical.xcresult -derivedDataPath /Users/leo/iosDev/series-2026-q3/2026-09-21-FormaClube/DerivedData CODE_SIGNING_ALLOWED=NO

Build settings from command line:
    CODE_SIGNING_ALLOWED = NO

Writing result bundle at path:
	/Users/leo/iosDev/series-2026-q3/2026-09-21-FormaClube/DerivedData/critical.xcresult

ComputePackagePrebuildTargetDependencyGraph

Prepare packages

CreateBuildRequest

SendProjectDescription

CreateBuildOperation

ComputeTargetDependencyGraph
note: Building targets in dependency order
note: Target dependency graph (2 targets)
    Target 'FormaClubeUITests' in project 'FormaClube'
        ➜ Explicit dependency on target 'FormaClube' in project 'FormaClube'
    Target 'FormaClube' in project 'FormaClube' (no dependencies)

GatherProvisioningInputs

CreateBuildDescription

ClangStatCache /Applications/Xcode.app/Contents/Developer/Toolchains/XcodeDefault.xctoolchain/usr/bin/clang-stat-cache /Applications/Xcode.app/Contents/Developer/Platforms/iPhoneSimulator.platform/Developer/SDKs/iPhoneSimulator26.4.sdk /Users/leo/iosDev/series-2026-q3/2026-09-21-FormaClube/DerivedData/SDKStatCaches.noindex/iphonesimulator26.4-23E237-686eebb5dc1d8ecb277353a59184f4aa.sdkstatcache
    cd /Users/leo/iosDev/series-2026-q3/2026-09-21-FormaClube/FormaClube.xcodeproj
    /Applications/Xcode.app/Contents/Developer/Toolchains/XcodeDefault.xctoolchain/usr/bin/clang-stat-cache /Applications/Xcode.app/Contents/Developer/Platforms/iPhoneSimulator.platform/Developer/SDKs/iPhoneSimulator26.4.sdk -o /Users/leo/iosDev/series-2026-q3/2026-09-21-FormaClube/DerivedData/SDKStatCaches.noindex/iphonesimulator26.4-23E237-686eebb5dc1d8ecb277353a59184f4aa.sdkstatcache

2026-09-22 00:59:01.432816+0300 FormaClubeUITests-Runner[81770:8294479] [Default] Running tests...
    t =      nans Interface orientation changed to Portrait
Test Suite 'Selected tests' started at 2026-09-22 00:59:02.198.
Test Suite 'FormaClubeUITests.xctest' started at 2026-09-22 00:59:02.198.
Test Suite 'CriticalPathSmokeTests' started at 2026-09-22 00:59:02.198.
Test Case '-[FormaClubeUITests.CriticalPathSmokeTests testCriticalInteractions]' started.
    t =     0.00s Start Test at 2026-09-22 00:59:02.199
    t =     0.03s Set Up
    t =     0.03s     Open com.formaclube.FormaClube
    t =     0.03s         Launch com.formaclube.FormaClube
    t =     0.87s             Setting up automation session
objc[81770]: Class UIAccessibilityLoaderWebShared is implemented in both /Library/Developer/CoreSimulator/Volumes/iOS_23E244/Library/Developer/CoreSimulator/Profiles/Runtimes/iOS 26.4.simruntime/Contents/Resources/RuntimeRoot/System/Library/AccessibilityBundles/WebCore.axbundle/WebCore (0x10aba8310) and /Library/Developer/CoreSimulator/Volumes/iOS_23E244/Library/Developer/CoreSimulator/Profiles/Runtimes/iOS 26.4.simruntime/Contents/Resources/RuntimeRoot/System/Library/AccessibilityBundles/WebKit.axbundle/WebKit (0x10aa58398). This may cause spurious casting failures and mysterious crashes. One of the duplicates must be removed or renamed.
    t =     1.85s             Wait for com.formaclube.FormaClube to idle
    t =     3.82s Wait for com.formaclube.FormaClube to become Running Foreground
    t =     3.82s Waiting 10.0s for StaticText (First Match) to exist
    t =     4.85s     Checking `Expect predicate `existsNoRetry == 1` for object StaticText (First Match)`
    t =     4.85s         Checking existence of `StaticText (First Match)`
    t =     5.71s Checking existence of `TabBar (First Match)`
    t =     5.74s Checking existence of `"Next" Button`
    t =     5.77s Find the "Next" Button
    t =     5.79s Tap "Next" Button
    t =     5.79s     Wait for com.formaclube.FormaClube to idle
    t =     5.80s     Find the "Next" Button
    t =     5.80s     Check for interrupting elements affecting "Next" Button
    t =     5.82s     Synthesize event
    t =     6.11s     Wait for com.formaclube.FormaClube to idle
    t =     6.61s Checking existence of `TabBar (First Match)`
    t =     6.64s Checking existence of `"Next" Button`
    t =     6.65s Find the "Next" Button
    t =     6.67s Tap "Next" Button
    t =     6.67s     Wait for com.formaclube.FormaClube to idle
    t =     6.67s     Find the "Next" Button
    t =     6.68s     Check for interrupting elements affecting "Next" Button
    t =     6.69s     Synthesize event
    t =     6.98s     Wait for com.formaclube.FormaClube to idle
    t =     7.49s Checking existence of `TabBar (First Match)`
    t =     7.52s Checking existence of `"Next" Button`
    t =     7.53s Checking existence of `"Continue" Button`
    t =     7.54s Checking existence of `"Get started" Button`
    t =     7.55s Find the "Get started" Button
    t =     7.57s Tap "Get started" Button
    t =     7.57s     Wait for com.formaclube.FormaClube to idle
    t =     7.57s     Find the "Get started" Button
    t =     7.58s     Check for interrupting elements affecting "Get started" Button
    t =     7.59s     Synthesize event
    t =     7.88s     Wait for com.formaclube.FormaClube to idle
    t =     8.58s Checking existence of `TabBar (First Match)`
    t =     8.60s Waiting 8.0s for TabBar (First Match) to exist
    t =     9.63s     Checking `Expect predicate `existsNoRetry == 1` for object TabBar (First Match)`
    t =     9.64s         Checking existence of `TabBar (First Match)`
    t =     9.66s Waiting 8.0s for "smoke.bench.openWall" Any to exist
    t =    10.69s     Checking `Expect predicate `existsNoRetry == 1` for object "smoke.bench.openWall" Any`
    t =    10.69s         Checking existence of `"smoke.bench.openWall" Any`
    t =    10.77s Checking existence of `"smoke.wall.readout" Any`
    t =    10.90s Find the "smoke.bench.openWall" Any
    t =    10.95s Find the "smoke.bench.openWall" Button
    t =    11.01s Tap "smoke.bench.openWall" Button
    t =    11.01s     Wait for com.formaclube.FormaClube to idle
    t =    11.01s     Find the "smoke.bench.openWall" Button
    t =    11.06s     Check for interrupting elements affecting "smoke.bench.openWall" Button
    t =    11.10s     Synthesize event
    t =    11.39s     Wait for com.formaclube.FormaClube to idle
    t =    11.89s Waiting 8.0s for "smoke.wall.readout" Any to exist
    t =    12.93s     Checking `Expect predicate `existsNoRetry == 1` for object "smoke.wall.readout" Any`
    t =    12.93s         Checking existence of `"smoke.wall.readout" Any`
    t =    13.01s Waiting 8.0s for "smoke.wall.savePiece" Any to exist
    t =    14.04s     Checking `Expect predicate `existsNoRetry == 1` for object "smoke.wall.savePiece" Any`
    t =    14.04s         Checking existence of `"smoke.wall.savePiece" Any`
    t =    14.12s Checking existence of `"smoke.wall.savedMark" Any`
    t =    14.27s Find the "smoke.wall.savePiece" Any
    t =    14.34s Swipe up Target Application 'com.formaclube.FormaClube'
    t =    14.34s     Wait for com.formaclube.FormaClube to idle
    t =    14.34s     Find the Target Application 'com.formaclube.FormaClube'
    t =    14.36s     Check for interrupting elements affecting "FormaClube" Application
    t =    14.39s     Synthesize event
    t =    14.81s     Wait for com.formaclube.FormaClube to idle
    t =    16.92s Find the "smoke.wall.savePiece" Button
    t =    17.00s Find the "smoke.wall.savePiece" Button
    t =    17.07s Tap "smoke.wall.savePiece" Button
    t =    17.07s     Wait for com.formaclube.FormaClube to idle
    t =    17.07s     Find the "smoke.wall.savePiece" Button
    t =    17.12s     Check for interrupting elements affecting "smoke.wall.savePiece" Button
    t =    17.27s     Synthesize event
    t =    17.57s     Wait for com.formaclube.FormaClube to idle
    t =    17.57s Waiting 8.0s for "smoke.wall.savedMark" Any to exist
    t =    18.60s     Checking `Expect predicate `existsNoRetry == 1` for object "smoke.wall.savedMark" Any`
    t =    18.60s         Checking existence of `"smoke.wall.savedMark" Any`
    t =    18.68s Waiting 8.0s for "smoke.bench.openShrink" Any to exist
    t =    19.72s     Checking `Expect predicate `existsNoRetry == 1` for object "smoke.bench.openShrink" Any`
    t =    19.72s         Checking existence of `"smoke.bench.openShrink" Any`
    t =    19.87s Checking existence of `"smoke.shrink.readout" Any`
    t =    20.02s Find the "smoke.bench.openShrink" Any
    t =    20.17s Find the "smoke.bench.openShrink" Button
    t =    20.31s Tap "smoke.bench.openShrink" Button
    t =    20.31s     Wait for com.formaclube.FormaClube to idle
    t =    20.31s     Find the "smoke.bench.openShrink" Button
    t =    20.44s     Check for interrupting elements affecting "smoke.bench.openShrink" Button
    t =    20.48s     Synthesize event
    t =    20.78s     Wait for com.formaclube.FormaClube to idle
    t =    20.78s Waiting 8.0s for "smoke.shrink.readout" Any to exist
    t =    21.82s     Checking `Expect predicate `existsNoRetry == 1` for object "smoke.shrink.readout" Any`
    t =    21.82s         Checking existence of `"smoke.shrink.readout" Any`
    t =    21.90s Waiting 8.0s for "smoke.shrink.savePiece" Any to exist
    t =    22.94s     Checking `Expect predicate `existsNoRetry == 1` for object "smoke.shrink.savePiece" Any`
    t =    22.94s         Checking existence of `"smoke.shrink.savePiece" Any`
    t =    23.02s Checking existence of `"smoke.shrink.savedMark" Any`
    t =    23.18s Find the "smoke.shrink.savePiece" Any
    t =    23.24s Find the "smoke.shrink.savePiece" Button
    t =    23.31s Tap "smoke.shrink.savePiece" Button
    t =    23.31s     Wait for com.formaclube.FormaClube to idle
    t =    23.31s     Find the "smoke.shrink.savePiece" Button
    t =    23.36s     Check for interrupting elements affecting "smoke.shrink.savePiece" Button
    t =    23.41s     Synthesize event
    t =    23.70s     Wait for com.formaclube.FormaClube to idle
    t =    23.71s Waiting 8.0s for "smoke.shrink.savedMark" Any to exist
    t =    24.74s     Checking `Expect predicate `existsNoRetry == 1` for object "smoke.shrink.savedMark" Any`
    t =    24.74s         Checking existence of `"smoke.shrink.savedMark" Any`
    t =    24.81s Tear Down
Test Case '-[FormaClubeUITests.CriticalPathSmokeTests testCriticalInteractions]' passed (25.095 seconds).
Test Suite 'CriticalPathSmokeTests' passed at 2026-09-22 00:59:27.295.
	 Executed 1 test, with 0 failures (0 unexpected) in 25.095 (25.097) seconds
Test Suite 'FormaClubeUITests.xctest' passed at 2026-09-22 00:59:27.296.
	 Executed 1 test, with 0 failures (0 unexpected) in 25.095 (25.098) seconds
Test Suite 'Selected tests' passed at 2026-09-22 00:59:27.297.
	 Executed 1 test, with 0 failures (0 unexpected) in 25.095 (25.099) seconds

Test session results, code coverage, and logs:
	/Users/leo/iosDev/series-2026-q3/2026-09-21-FormaClube/DerivedData/critical.xcresult

** TEST SUCCEEDED **

Testing started
2026-09-22 00:59:02.438 xcodebuild[81758:8294263] [MT] IDELaunchParametersSnapshot: The operation couldn’t be completed. (DebuggerLLDB.DebuggerVersionStore.StoreError error 0.)
2026-09-22 00:59:02.438 xcodebuild[81758:8294263] [MT] IDELaunchParametersSnapshot: no debugger version
2026-09-22 00:59:27.621 xcodebuild[81758:8294263] [MT] IDETestOperationsObserverDebug: 27.641 elapsed -- Testing started completed.
2026-09-22 00:59:27.621 xcodebuild[81758:8294263] [MT] IDETestOperationsObserverDebug: 0.000 sec, +0.000 sec -- start
2026-09-22 00:59:27.621 xcodebuild[81758:8294263] [MT] IDETestOperationsObserverDebug: 27.641 sec, +27.641 sec -- end
